// Jest Snapshot v1, https://goo.gl/fbAQLP

exports[`resolvers feed 1`] = `
Array [
  Object {
    "message": "hello",
  },
]
`;

exports[`resolvers posts 1`] = `
Array [
  Object {
    "message": "hello",
  },
]
`;
